[pinning-guard] Write on /tmp/da-x/../../home/greenhead/Workspace/nixos-config/docs/review.md contains volatile review/session metadata:
  - Round counter 박제: 'Round N'
         1: Round 5
  - Bundle finding ID 박제: 'Bundle-N'
         1: Correctness-1
  - DA 실행 키워드 박제
         1: DA for_pr
Use stable identifiers or plain natural-language context before retrying.
